gpl.cpp::main()
  input file(tests/t053.gpl)
  random seed(42)
  read_keypresses_from_standard_input(true)
  dump_pixels(true, file = results/t053.mypixels)
  symbol_table(true)
  print_symbol_table(false)
  graphics(true)

gpl.cpp::main() Calling yyparse()


gpl.cpp::main() after call to yyparse().

gpl.cpp::main() Calling window->initialize().
gpl.cpp::main() Passing control to window->main_loop().
