gpl.cpp::main()
  input file(tests/t800.gpl)
  random seed(42)
  read_keypresses_from_standard_input(true)
  dump_pixels(false)
  symbol_table(true)
  print_symbol_table(false)
  graphics(true)

gpl.cpp::main() Calling yyparse()


gpl.cpp::main() after call to yyparse().

gpl.cpp::main() Calling window->initialize().
gpl.cpp::main() Passing control to window->main_loop().
gpl[16]: g = 1
gpl[17]: h = 1
gpl[18]: i = 0
gpl[19]: j = 5
gpl[20]: k = 0
gpl[21]: l = 0
